\BOOKMARK [0][-]{chapter*.5}{\376\377\000L\000i\000s\000t\000a\000\040\000d\000e\000\040\000F\000i\000g\000u\000r\000a\000s}{}% 1
\BOOKMARK [0][-]{chapter*.6}{\376\377\000L\000i\000s\000t\000a\000\040\000d\000e\000\040\000T\000a\000b\000e\000l\000a\000s}{}% 2
\BOOKMARK [0][-]{chapter.1}{\376\377\000I\000n\000t\000r\000o\000d\000u\000\347\000\343\000o}{}% 3
\BOOKMARK [0][-]{chapter.2}{\376\377\000M\000o\000d\000e\000l\000o\000s\000\040\000F\000\355\000s\000i\000c\000o\000s}{}% 4
\BOOKMARK [1][-]{section.2.1}{\376\377\000E\000s\000c\000o\000a\000m\000e\000n\000t\000o\000\040\000d\000e\000\040\000C\000o\000u\000e\000t\000t\000e\000\040\000P\000l\000a\000n\000o}{chapter.2}% 5
\BOOKMARK [1][-]{section.2.2}{\376\377\000E\000s\000c\000o\000a\000m\000e\000n\000t\000o\000\040\000d\000e\000\040\000P\000o\000i\000s\000e\000u\000i\000l\000l\000e\000\040\000P\000l\000a\000n\000o}{chapter.2}% 6
\BOOKMARK [1][-]{section.2.3}{\376\377\000E\000s\000c\000o\000a\000m\000e\000n\000t\000o\000\040\000e\000m\000\040\000C\000a\000v\000i\000d\000a\000d\000e\000\040\000c\000o\000m\000\040\000T\000a\000m\000p\000a\000\040\000D\000e\000s\000l\000i\000z\000a\000n\000t\000e}{chapter.2}% 7
\BOOKMARK [1][-]{section.2.4}{\376\377\000E\000s\000c\000o\000a\000m\000e\000n\000t\000o\000\040\000e\000m\000\040\000C\000a\000v\000i\000d\000a\000d\000e\000\040\000D\000i\000f\000e\000r\000e\000n\000c\000i\000a\000l\000m\000e\000n\000t\000e\000\040\000A\000q\000u\000e\000c\000i\000d\000a}{chapter.2}% 8
\BOOKMARK [0][-]{chapter.3}{\376\377\000M\000o\000d\000e\000l\000o\000\040\000M\000a\000t\000e\000m\000\341\000t\000i\000c\000o\000\040\000D\000i\000f\000e\000r\000e\000n\000c\000i\000a\000l}{}% 9
\BOOKMARK [1][-]{section.3.1}{\376\377\000E\000s\000c\000o\000a\000m\000e\000n\000t\000o\000s\000\040\000N\000e\000w\000t\000o\000n\000i\000a\000n\000o\000s}{chapter.3}% 10
\BOOKMARK [1][-]{section.3.2}{\376\377\000F\000l\000u\000i\000d\000o\000s\000\040\000N\000\343\000o\000-\000N\000e\000w\000t\000o\000n\000i\000a\000n\000o\000s}{chapter.3}% 11
\BOOKMARK [1][-]{section.3.3}{\376\377\000M\000o\000d\000e\000l\000a\000g\000e\000m\000\040\000d\000o\000\040\000T\000e\000n\000s\000o\000r\000\040\000d\000e\000\040\000g\000a\000m\000m\000a\000\040\000e\000m\000\040\000e\000t\000a}{chapter.3}% 12
\BOOKMARK [1][-]{section.3.4}{\376\377\000A\000p\000r\000o\000x\000i\000m\000a\000\347\000\343\000o\000\040\000d\000e\000\040\000O\000b\000e\000r\000b\000e\000c\000k\000-\000B\000o\000u\000s\000s\000i\000n\000e\000s\000q\000\040\000p\000a\000r\000a\000\040\000E\000s\000c\000o\000a\000m\000e\000n\000t\000o\000s\000\040\000N\000\343\000o\000-\000I\000s\000o\000t\000\351\000r\000m\000i\000c\000o\000s}{chapter.3}% 13
\BOOKMARK [1][-]{section.3.5}{\376\377\000N\000\372\000m\000e\000r\000o\000s\000\040\000A\000d\000i\000m\000e\000n\000s\000i\000o\000n\000a\000i\000s}{chapter.3}% 14
\BOOKMARK [2][-]{subsection.3.5.1}{\376\377\000R\000e\000y\000n\000o\000l\000d\000s}{section.3.5}% 15
\BOOKMARK [2][-]{subsection.3.5.2}{\376\377\000P\000r\000a\000n\000d\000t\000l}{section.3.5}% 16
\BOOKMARK [2][-]{subsection.3.5.3}{\376\377\000G\000r\000a\000s\000h\000o\000f}{section.3.5}% 17
\BOOKMARK [2][-]{subsection.3.5.4}{\376\377\000R\000a\000y\000l\000e\000i\000g\000h}{section.3.5}% 18
\BOOKMARK [1][-]{section.3.6}{\376\377\000F\000o\000r\000m\000u\000l\000a\000\347\000\343\000o\000\040\000G\000e\000r\000a\000l}{chapter.3}% 19
\BOOKMARK [0][-]{chapter.4}{\376\377\000M\000o\000d\000e\000l\000o\000\040\000M\000a\000t\000e\000m\000\341\000t\000i\000c\000o\000-\000N\000u\000m\000\351\000r\000i\000c\000o}{}% 20
\BOOKMARK [1][-]{section.4.1}{\376\377\000M\000a\000l\000h\000a\000\040\000D\000e\000s\000l\000o\000c\000a\000d\000a}{chapter.4}% 21
\BOOKMARK [1][-]{section.4.2}{\376\377\000V\000o\000l\000u\000m\000e\000s\000\040\000F\000i\000n\000i\000t\000o\000s}{chapter.4}% 22
\BOOKMARK [1][-]{section.4.3}{\376\377\000D\000i\000s\000c\000r\000e\000t\000i\000z\000a\000\347\000\343\000o\000\040\000d\000a\000\040\000E\000q\000u\000a\000\347\000\343\000o\000\040\000d\000a\000\040\000E\000n\000e\000r\000g\000i\000a}{chapter.4}% 23
\BOOKMARK [1][-]{section.4.4}{\376\377\000A\000c\000o\000p\000l\000a\000m\000e\000n\000t\000o\000\040\000P\000r\000e\000s\000s\000\343\000o\000-\000V\000e\000l\000o\000c\000i\000d\000a\000d\000e}{chapter.4}% 24
\BOOKMARK [1][-]{section.4.5}{\376\377\000D\000i\000s\000c\000r\000e\000t\000i\000z\000a\000\347\000\343\000o\000\040\000d\000a\000s\000\040\000E\000q\000u\000a\000\347\000\365\000e\000s\000\040\000d\000o\000\040\000A\000c\000o\000p\000l\000a\000m\000e\000n\000t\000o\000\040\000P\000r\000e\000s\000s\000\343\000o\000-\000V\000e\000l\000o\000c\000i\000d\000a\000d\000e}{chapter.4}% 25
\BOOKMARK [1][-]{section.4.6}{\376\377\000M\000\351\000t\000o\000d\000o\000s\000\040\000d\000e\000\040\000S\000o\000l\000u\000\347\000\343\000o\000\040\000d\000e\000\040\000S\000i\000s\000t\000e\000m\000a\000s\000\040\000L\000i\000n\000e\000a\000r\000e\000s}{chapter.4}% 26
\BOOKMARK [2][-]{subsection.4.6.1}{\376\377\000M\000\351\000t\000o\000d\000o\000\040\000d\000e\000\040\000G\000a\000u\000s\000s\000-\000S\000e\000i\000d\000e\000l}{section.4.6}% 27
\BOOKMARK [2][-]{subsection.4.6.2}{\376\377\000M\000\351\000t\000o\000d\000o\000\040\000d\000o\000s\000\040\000g\000r\000a\000d\000i\000e\000n\000t\000e\000s\000\040\000c\000o\000n\000j\000u\000g\000a\000d\000o\000s}{section.4.6}% 28
\BOOKMARK [1][-]{section.4.7}{\376\377\000C\000o\000n\000v\000e\000r\000g\000\352\000n\000c\000i\000a\000\040\000e\000\040\000E\000s\000t\000a\000b\000i\000l\000i\000d\000a\000d\000e}{chapter.4}% 29
\BOOKMARK [0][-]{chapter.5}{\376\377\000M\000o\000d\000e\000l\000o\000s\000\040\000C\000o\000m\000p\000u\000t\000a\000c\000i\000o\000n\000a\000i\000s}{}% 30
\BOOKMARK [1][-]{section.5.1}{\376\377\000C\000o\000u\000e\000t\000t\000e\000\040\000P\000l\000a\000n\000o}{chapter.5}% 31
\BOOKMARK [1][-]{section.5.2}{\376\377\000P\000o\000i\000s\000e\000u\000i\000l\000l\000e\000\040\000P\000l\000a\000n\000o}{chapter.5}% 32
\BOOKMARK [1][-]{section.5.3}{\376\377\000C\000a\000v\000i\000d\000a\000d\000e\000\040\000c\000o\000m\000\040\000T\000a\000m\000p\000a\000\040\000D\000e\000s\000l\000i\000z\000a\000n\000t\000e}{chapter.5}% 33
\BOOKMARK [1][-]{section.5.4}{\376\377\000C\000a\000v\000i\000d\000a\000d\000e\000\040\000D\000i\000f\000e\000r\000e\000n\000c\000i\000a\000l\000m\000e\000n\000t\000e\000\040\000A\000q\000u\000e\000c\000i\000d\000a}{chapter.5}% 34
\BOOKMARK [1][-]{section.5.5}{\376\377\000A\000l\000g\000o\000r\000i\000t\000m\000o\000s\000\040\000d\000e\000\040\000S\000o\000l\000u\000\347\000\343\000o\000\040\000d\000e\000\040\000S\000i\000s\000t\000e\000m\000a\000s\000\040\000L\000i\000n\000e\000a\000r\000e\000s}{chapter.5}% 35
\BOOKMARK [0][-]{chapter.6}{\376\377\000R\000e\000s\000u\000l\000t\000a\000d\000o\000s}{}% 36
\BOOKMARK [1][-]{section.6.1}{\376\377\000E\000s\000c\000o\000a\000m\000e\000n\000t\000o\000\040\000d\000e\000\040\000C\000o\000u\000e\000t\000t\000e\000\040\000P\000l\000a\000n\000o}{chapter.6}% 37
\BOOKMARK [1][-]{section.6.2}{\376\377\000E\000s\000c\000o\000a\000m\000e\000n\000t\000o\000\040\000d\000e\000\040\000P\000o\000i\000s\000e\000u\000i\000l\000l\000e\000\040\000P\000l\000a\000n\000o}{chapter.6}% 38
\BOOKMARK [1][-]{section.6.3}{\376\377\000C\000a\000v\000i\000d\000a\000d\000e\000\040\000c\000o\000m\000\040\000T\000a\000m\000p\000a\000\040\000D\000e\000s\000l\000i\000z\000a\000n\000t\000e}{chapter.6}% 39
\BOOKMARK [1][-]{section.6.4}{\376\377\000C\000a\000v\000i\000d\000a\000d\000e\000\040\000D\000i\000f\000e\000r\000e\000n\000c\000i\000a\000l\000m\000e\000n\000t\000e\000\040\000A\000q\000u\000e\000c\000i\000d\000a}{chapter.6}% 40
\BOOKMARK [0][-]{chapter.7}{\376\377\000C\000o\000n\000c\000l\000u\000s\000\343\000o}{}% 41
\BOOKMARK [0][-]{appendix.1.A}{\376\377\000A\000p\000\352\000n\000d\000i\000c\000e\000\040\000S\000o\000l\000u\000\347\000\343\000o\000\040\000A\000n\000a\000l\000\355\000t\000i\000c\000a\000\040\000p\000a\000r\000a\000\040\000E\000s\000c\000o\000a\000m\000e\000n\000t\000o\000s\000\040\000d\000e\000\040\000P\000o\000i\000s\000e\000u\000i\000l\000l\000e}{}% 42
\BOOKMARK [1][-]{section.1.A.1}{\376\377\000P\000o\000i\000s\000e\000u\000i\000l\000l\000e\000\040\000N\000e\000w\000t\000o\000n\000i\000a\000n\000o}{appendix.1.A}% 43
\BOOKMARK [1][-]{section.1.A.2}{\376\377\000P\000o\000i\000s\000e\000u\000i\000l\000l\000e\000\040\000N\000\343\000o\000-\000N\000e\000w\000t\000o\000n\000i\000a\000n\000o}{appendix.1.A}% 44
\BOOKMARK [0][-]{appendix.1.B}{\376\377\000A\000p\000\352\000n\000d\000i\000c\000e\000\040\000C\000\363\000d\000i\000g\000o\000\040\000D\000e\000s\000e\000n\000v\000o\000l\000v\000i\000d\000o}{}% 45
